    A B C D E F G H I J K L M N O P Q R S T U V W X Y Z

A   N O P Q R S T U V W X Y Z A B C D E F G H I J K L M
B   N O P Q R S T U V W X Y Z A B C D E F G H I J K L M
C   O P Q R S T U V W X Y Z N M A B C D E F G H I J K L
D   O P Q R S T U V W X Y Z N M A B C D E F G H I J K L
E   P Q R S T U V W X Y Z N O L M A B C D E F G H I J K
F   P Q R S T U V W X Y Z N O L M A B C D E F G H I J K
G   Q R S T U V W X Y Z N O P K L M A B C D E F G H I J
H   Q R S T U V W X Y Z N O P K L M A B C D E F G H I J
I   R S T U V W X Y Z N O P Q J K L M A B C D E F G H I
J   R S T U V W X Y Z N O P Q J K L M A B C D E F G H I
K   S T U V W X Y Z N O P Q R I J K L M A B C D E F G H
L   S T U V W X Y Z N O P Q R I J K L M A B C D E F G H
M   T U V W X Y Z N O P Q R S H I J K L M A B C D E F G
N   T U V W X Y Z N O P Q R S H I J K L M A B C D E F G
O   U V W X Y Z N O P Q R S T G H I J K L M A B C D E F
P   U V W X Y Z N O P Q R S T G H I J K L M A B C D E F
Q   V W X Y Z N O P Q R S T U F G H I J K L M A B C D E
R   V W X Y Z N O P Q R S T U F G H I J K L M A B C D E
S   W X Y Z N O P Q R S T U V E F G H I J K L M A B C D
T   W X Y Z N O P Q R S T U V E F G H I J K L M A B C D
U   X Y Z N O P Q R S T U V W D E F G H I J K L M A B C
V   X Y Z N O P Q R S T U V W D E F G H I J K L M A B C
W   Y Z N O P Q R S T U V W X C D E F G H I J K L M A B
X   Y Z N O P Q R S T U V W X C D E F G H I J K L M A B
Y   Z N O P Q R S T U V W X Y B C D E F G H I J K L M A
Z   Z N O P Q R S T U V W X Y B C D E F G H I J K L M A