    A B C D E F G H I J K L M N O P Q R S T U V W X Y Z

A   A Z Y X W V U T S R Q P O N M L K J I H G F E D C B
B   B A Z Y X W V U T S R Q P O N M L K J I H G F E D C
C   C B A Z Y X W V U T S R Q P O N M L K J I H G F E D
D   D C B A Z Y X W V U T S R Q P O N M L K J I H G F E
E   E D C B A Z Y X W V U T S R Q P O N M L K J I H G F
F   F E D C B A Z Y X W V U T S R Q P O N M L K J I H G
G   G F E D C B A Z Y X W V U T S R Q P O N M L K J I H
H   H G F E D C B A Z Y X W V U T S R Q P O N M L K J I
I   I H G F E D C B A Z Y X W V U T S R Q P O N M L K J
J   J I H G F E D C B A Z Y X W V U T S R Q P O N M L K
K   K J I H G F E D C B A Z Y X W V U T S R Q P O N M L
L   L K J I H G F E D C B A Z Y X W V U T S R Q P O N M
M   M L K J I H G F E D C B A Z Y X W V U T S R Q P O N
N   N M L K J I H G F E D C B A Z Y X W V U T S R Q P O
O   O N M L K J I H G F E D C B A Z Y X W V U T S R Q P
P   P O N M L K J I H G F E D C B A Z Y X W V U T S R Q
Q   Q P O N M L K J I H G F E D C B A Z Y X W V U T S R
R   R Q P O N M L K J I H G F E D C B A Z Y X W V U T S
S   S R Q P O N M L K J I H G F E D C B A Z Y X W V U T
T   T S R Q P O N M L K J I H G F E D C B A Z Y X W V U
U   U T S R Q P O N M L K J I H G F E D C B A Z Y X W V
V   V U T S R Q P O N M L K J I H G F E D C B A Z Y X W
W   W V U T S R Q P O N M L K J I H G F E D C B A Z Y X
X   X W V U T S R Q P O N M L K J I H G F E D C B A Z Y
Y   Y X W V U T S R Q P O N M L K J I H G F E D C B A Z
Z   Z Y X W V U T S R Q P O N M L K J I H G F E D C B A